Flutter crash report.
Please report a bug at https://github.com/flutter/flutter/issues.

## command

flutter --verbose assemble --no-version-check --depfile C:\nena\build\app\intermediates\flutter\debug/flutter_build.d --output C:\nena\build\app\intermediates\flutter\debug -dTargetFile=lib\main.dart -dTargetPlatform=android -dBuildMode=debug -dTrackWidgetCreation=true --DartDefines=RkxVVFRFUl9WRVJTSU9OPTMuNDEuNw==,RkxVVFRFUl9DSEFOTkVMPXN0YWJsZQ==,RkxVVFRFUl9HSVRfVVJMPWh0dHBzOi8vZ2l0aHViLmNvbS9mbHV0dGVyL2ZsdXR0ZXIuZ2l0,RkxVVFRFUl9GUkFNRVdPUktfUkVWSVNJT049Y2MwNzM0YWM3MQ==,RkxVVFRFUl9FTkdJTkVfUkVWSVNJT049NTlhYTU4NGZkZg==,RkxVVFRFUl9EQVJUX1ZFUlNJT049My4xMS41 -dFlavor= -dAndroidArchs=android-arm android-arm64 android-x64 -dMinSdkVersion=24 debug_android_application

## exception

PathAccessException: PathAccessException: Cannot delete file, path = 'C:\nena\build\app\intermediates\flutter\debug\flutter_assets\packages\record_web\assets\js\record.worklet.js' (OS Error: Access is denied, errno = 5)

```
#0      _File.throwIfError (dart:io/file_impl.dart:779:7)
#1      _File._deleteSync (dart:io/file_impl.dart:364:5)
#2      FileSystemEntity.deleteSync (dart:io/file_system_entity.dart:425:7)
#3      ForwardingFileSystemEntity.deleteSync (package:file/src/forwarding/forwarding_file_system_entity.dart:70:16)
#4      ForwardingFileSystemEntity.deleteSync (package:file/src/forwarding/forwarding_file_system_entity.dart:70:16)
#5      ErrorHandlingFileSystem.deleteIfExists (package:flutter_tools/src/base/error_handling_io.dart:90:14)
#6      FlutterBuildSystem.trackSharedBuildDirectory (package:flutter_tools/src/build_system/build_system.dart:839:33)
#7      FlutterBuildSystem.build (package:flutter_tools/src/build_system/build_system.dart:713:5)
<asynchronous suspension>
#8      AssembleCommand.runCommand (package:flutter_tools/src/commands/assemble.dart:365:32)
<asynchronous suspension>
#9      FlutterCommand.run.<anonymous closure> (package:flutter_tools/src/runner/flutter_command.dart:1590:27)
<asynchronous suspension>
#10     AppContext.run.<anonymous closure> (package:flutter_tools/src/base/context.dart:154:19)
<asynchronous suspension>
#11     CommandRunner.runCommand (package:args/command_runner.dart:212:13)
<asynchronous suspension>
#12     FlutterCommandRunner.runCommand.<anonymous closure> (package:flutter_tools/src/runner/flutter_command_runner.dart:496:9)
<asynchronous suspension>
#13     AppContext.run.<anonymous closure> (package:flutter_tools/src/base/context.dart:154:19)
<asynchronous suspension>
#14     FlutterCommandRunner.runCommand (package:flutter_tools/src/runner/flutter_command_runner.dart:431:5)
<asynchronous suspension>
#15     FlutterCommandRunner.run.<anonymous closure> (package:flutter_tools/src/runner/flutter_command_runner.dart:307:33)
<asynchronous suspension>
#16     run.<anonymous closure>.<anonymous closure> (package:flutter_tools/runner.dart:104:11)
<asynchronous suspension>
#17     AppContext.run.<anonymous closure> (package:flutter_tools/src/base/context.dart:154:19)
<asynchronous suspension>
#18     main (package:flutter_tools/executable.dart:103:3)
<asynchronous suspension>
```

## flutter doctor

```
[✓] Flutter (Channel stable, 3.41.7, on Microsoft Windows [Version 10.0.26200.8457], locale en-TZ) [502ms]
    • Flutter version 3.41.7 on channel stable at C:\flutter
    • Upstream repository https://github.com/flutter/flutter.git
    • Framework revision cc0734ac71 (8 weeks ago), 2026-04-15 21:21:08 -0700
    • Engine revision 59aa584fdf
    • Dart version 3.11.5
    • DevTools version 2.54.2
    • Feature flags: enable-web, enable-linux-desktop, enable-macos-desktop, enable-windows-desktop, enable-android, enable-ios, cli-animations, enable-native-assets, omit-legacy-version-file, enable-lldb-debugging, enable-uiscene-migration

[✓] Windows Version (11 Pro 64-bit, 25H2, 2009) [1,410ms]

[✓] Android toolchain - develop for Android devices (Android SDK version 35.0.1) [2.2s]
    • Android SDK at C:\Android\Sdk
    • Emulator version 35.3.11.0 (build_id 12836668) (CL:N/A)
    • Platform android-36-ext19, build-tools 35.0.1
    • ANDROID_HOME = C:\Android\Sdk
    • Java binary at: C:\Program Files\Android\Android Studio\jbr\bin\java
      This is the JDK bundled with the latest Android Studio installation on this machine.
      To manually set the JDK path, use: `flutter config --jdk-dir="path/to/jdk"`.
    • Java version OpenJDK Runtime Environment (build 21.0.4+-12508038-b607.1)
    • All Android licenses accepted.

[✓] Chrome - develop for the web [239ms]
    • Chrome at C:\Program Files\Google\Chrome\Application\chrome.exe

[!] Visual Studio - develop Windows apps (SQL Server Management Studio 22 22.4.1) [237ms]
    • Visual Studio at C:\Program Files\Microsoft SQL Server Management Studio 22\Release
    • SQL Server Management Studio 22 version 22.4.11612.150
    ✗ Visual Studio is missing necessary components. Please re-run the Visual Studio installer for the "Desktop development with C++" workload, and include these components:
        MSVC v142 - VS 2019 C++ x64/x86 build tools
         - If there are multiple build tool versions available, install the latest
        C++ CMake tools for Windows
        Windows 10 SDK

[✓] Connected device (4 available) [473ms]
    • SM A135F (mobile) • R58T702KRYL • android-arm    • Android 14 (API 34)
    • Windows (desktop) • windows     • windows-x64    • Microsoft Windows [Version 10.0.26200.8457]
    • Chrome (web)      • chrome      • web-javascript • Google Chrome 148.0.7778.217
    • Edge (web)        • edge        • web-javascript • Microsoft Edge 149.0.4022.52

[✓] Network resources [1,536ms]
    • All expected network resources are available.

! Doctor found issues in 1 category.
```
