#
# There is insufficient memory for the Java Runtime Environment to continue.
# Native memory allocation (malloc) failed to allocate 117584 bytes. Error detail: Chunk::new
# Possible reasons:
#   The system is out of physical RAM or swap space
#   This process is running with CompressedOops enabled, and the Java Heap may be blocking the growth of the native heap
# Possible solutions:
#   Reduce memory load on the system
#   Increase physical memory or swap space
#   Check if swap backing store is full
#   Decrease Java heap size (-Xmx/-Xms)
#   Decrease number of Java threads
#   Decrease Java thread stack sizes (-Xss)
#   Set larger code cache with -XX:ReservedCodeCacheSize=
#   JVM is running with Unscaled Compressed Oops mode in which the Java heap is
#     placed in the first 4GB address space. The Java Heap base address is the
#     maximum limit for the native heap growth. Please use -XX:HeapBaseMinAddress
#     to set the Java Heap base and to place the Java Heap above 4GB virtual address.
# This output file may be truncated or incomplete.
#
#  Out of Memory Error (arena.cpp:168), pid=3604, tid=28228
#
# JRE version: OpenJDK Runtime Environment Temurin-21.0.10+7 (21.0.10+7) (build 21.0.10+7-LTS)
# Java VM: OpenJDK 64-Bit Server VM Temurin-21.0.10+7 (21.0.10+7-LTS, mixed mode, sharing, tiered, compressed oops, compressed class ptrs, parallel gc, windows-amd64)
# No core dump will be written. Minidumps are not enabled by default on client versions of Windows
#

---------------  S U M M A R Y ------------

Command Line: --add-modules=ALL-SYSTEM --add-opens=java.base/java.util=ALL-UNNAMED --add-opens=java.base/java.lang=ALL-UNNAMED --add-opens=java.base/sun.nio.fs=ALL-UNNAMED -Declipse.application=org.eclipse.jdt.ls.core.id1 -Dosgi.bundles.defaultStartLevel=4 -Declipse.product=org.eclipse.jdt.ls.core.product -Djava.import.generatesMetadataFilesAtProjectRoot=false -DDetectVMInstallationsJob.disabled=true -Dfile.encoding=utf8 -XX:+UseParallelGC -XX:GCTimeRatio=4 -XX:AdaptiveSizePolicyWeight=90 -Dsun.zip.disableMemoryMapping=true -Xmx2G -Xms100m -Xlog:disable -javaagent:c:\Users\ICT ADMIN\.vscode\extensions\redhat.java-1.54.0-win32-x64\lombok\lombok-1.18.39-4050.jar -XX:+HeapDumpOnOutOfMemoryError -XX:HeapDumpPath=c:\Users\ICT ADMIN\AppData\Roaming\Code\User\workspaceStorage\5d879fe64d2f3a7472c9ce6d90bca0e0\redhat.java -Daether.dependencyCollector.impl=bf c:\Users\ICT ADMIN\.vscode\extensions\redhat.java-1.54.0-win32-x64\server\plugins\org.eclipse.equinox.launcher_1.7.100.v20251111-0406.jar -configuration c:\Users\ICT ADMIN\AppData\Roaming\Code\User\globalStorage\redhat.java\1.54.0\config_win -data c:\Users\ICT ADMIN\AppData\Roaming\Code\User\workspaceStorage\5d879fe64d2f3a7472c9ce6d90bca0e0\redhat.java\jdt_ws --pipe=\\.\pipe\lsp-c5144715629eaeacc2908ee4db1879ba-sock

Host: 13th Gen Intel(R) Core(TM) i7-13650HX, 20 cores, 15G,  Windows 11 , 64 bit Build 26100 (10.0.26100.8328)
Time: Tue Jun  9 23:51:26 2026 E. Africa Standard Time elapsed time: 16.758940 seconds (0d 0h 0m 16s)

---------------  T H R E A D  ---------------

Current thread (0x00000169e97c3380):  JavaThread "C2 CompilerThread1" daemon [_thread_in_native, id=28228, stack(0x0000002b25d00000,0x0000002b25e00000) (1024K)]


Current CompileTask:
C2:16759 2137       4       java.util.regex.Matcher::search (154 bytes)

Stack: [0x0000002b25d00000,0x0000002b25e00000]
Native frames: (J=compiled Java code, j=interpreted, Vv=VM code, C=native code)
V  [jvm.dll+0x6d7a39]
V  [jvm.dll+0x8b4b26]
V  [jvm.dll+0x8b70de]
V  [jvm.dll+0x8b77c3]
V  [jvm.dll+0x284346]
V  [jvm.dll+0xc66ed]
V  [jvm.dll+0xc6c31]
V  [jvm.dll+0x3bec3b]
V  [jvm.dll+0x38b162]
V  [jvm.dll+0x38a5aa]
V  [jvm.dll+0x24c560]
V  [jvm.dll+0x24bb40]
V  [jvm.dll+0x1cb34e]
V  [jvm.dll+0x25b85d]
V  [jvm.dll+0x259dea]
V  [jvm.dll+0x3f857e]
V  [jvm.dll+0x85f59d]
V  [jvm.dll+0x6d626d]
C  [ucrtbase.dll+0x37b0]
C  [KERNEL32.DLL+0x2e957]
C  [ntdll.dll+0x427c]


---------------  P R O C E S S  ---------------

Threads class SMR info:
_java_thread_list=0x00000169e902d310, length=18, elements={
0x00000169c903e610, 0x00000169e17f8a50, 0x00000169e17f9870, 0x00000169c90e7dd0,
0x00000169e17f9ee0, 0x00000169e17fb4b0, 0x00000169e2d11e20, 0x00000169c90f8d80,
0x00000169e2d37030, 0x00000169e2d124b0, 0x00000169e2d0f030, 0x00000169e2d11790,
0x00000169e2d103e0, 0x00000169e2d0f6c0, 0x00000169e2d11100, 0x00000169e97c3380,
0x00000169e97c03d0, 0x00000169e97c0aa0
}

Java Threads: ( => current thread )
  0x00000169c903e610 JavaThread "main"                              [_thread_blocked, id=32100, stack(0x0000002b24d00000,0x0000002b24e00000) (1024K)]
  0x00000169e17f8a50 JavaThread "Reference Handler"          daemon [_thread_blocked, id=24368, stack(0x0000002b25100000,0x0000002b25200000) (1024K)]
  0x00000169e17f9870 JavaThread "Finalizer"                  daemon [_thread_blocked, id=7588, stack(0x0000002b25200000,0x0000002b25300000) (1024K)]
  0x00000169c90e7dd0 JavaThread "Signal Dispatcher"          daemon [_thread_blocked, id=29092, stack(0x0000002b25300000,0x0000002b25400000) (1024K)]
  0x00000169e17f9ee0 JavaThread "Attach Listener"            daemon [_thread_blocked, id=14832, stack(0x0000002b25400000,0x0000002b25500000) (1024K)]
  0x00000169e17fb4b0 JavaThread "Service Thread"             daemon [_thread_blocked, id=7032, stack(0x0000002b25500000,0x0000002b25600000) (1024K)]
  0x00000169e2d11e20 JavaThread "Monitor Deflation Thread"   daemon [_thread_blocked, id=3952, stack(0x0000002b25600000,0x0000002b25700000) (1024K)]
  0x00000169c90f8d80 JavaThread "C2 CompilerThread0"         daemon [_thread_in_native, id=4832, stack(0x0000002b25700000,0x0000002b25800000) (1024K)]
  0x00000169e2d37030 JavaThread "C1 CompilerThread0"         daemon [_thread_blocked, id=12324, stack(0x0000002b25800000,0x0000002b25900000) (1024K)]
  0x00000169e2d124b0 JavaThread "Common-Cleaner"             daemon [_thread_blocked, id=29004, stack(0x0000002b25b00000,0x0000002b25c00000) (1024K)]
  0x00000169e2d0f030 JavaThread "Notification Thread"        daemon [_thread_blocked, id=33732, stack(0x0000002b25e00000,0x0000002b25f00000) (1024K)]
  0x00000169e2d11790 JavaThread "Active Thread: Equinox Container: 15ecb851-e52c-4132-9d15-3bd18d56a515"        [_thread_blocked, id=32128, stack(0x0000002b26600000,0x0000002b26700000) (1024K)]
  0x00000169e2d103e0 JavaThread "Refresh Thread: Equinox Container: 15ecb851-e52c-4132-9d15-3bd18d56a515" daemon [_thread_blocked, id=34832, stack(0x0000002b25900000,0x0000002b25a00000) (1024K)]
  0x00000169e2d0f6c0 JavaThread "Framework Event Dispatcher: Equinox Container: 15ecb851-e52c-4132-9d15-3bd18d56a515" daemon [_thread_blocked, id=27284, stack(0x0000002b25a00000,0x0000002b25b00000) (1024K)]
  0x00000169e2d11100 JavaThread "Start Level: Equinox Container: 15ecb851-e52c-4132-9d15-3bd18d56a515" daemon [_thread_in_Java, id=27468, stack(0x0000002b25c00000,0x0000002b25d00000) (1024K)]
=>0x00000169e97c3380 JavaThread "C2 CompilerThread1"         daemon [_thread_in_native, id=28228, stack(0x0000002b25d00000,0x0000002b25e00000) (1024K)]
  0x00000169e97c03d0 JavaThread "C2 CompilerThread2"         daemon [_thread_in_native, id=19740, stack(0x0000002b26500000,0x0000002b26600000) (1024K)]
  0x00000169e97c0aa0 JavaThread "C2 CompilerThread3"         daemon [_thread_in_native, id=35020, stack(0x0000002b26800000,0x0000002b26900000) (1024K)]
Total: 18

Other Threads:
  0x00000169e17e4930 VMThread "VM Thread"                           [id=33720, stack(0x0000002b25000000,0x0000002b25100000) (1024K)]
  0x00000169c90b3a50 WatcherThread "VM Periodic Task Thread"        [id=2728, stack(0x0000002b24f00000,0x0000002b25000000) (1024K)]
  0x00000169c905ecb0 WorkerThread "GC Thread#0"                     [id=33448, stack(0x0000002b24e00000,0x0000002b24f00000) (1024K)]
  0x00000169e93f65c0 WorkerThread "GC Thread#1"                     [id=33608, stack(0x0000002b25f00000,0x0000002b26000000) (1024K)]
  0x00000169e9665780 WorkerThread "GC Thread#2"                     [id=13648, stack(0x0000002b26000000,0x0000002b26100000) (1024K)]
  0x00000169e9665b30 WorkerThread "GC Thread#3"                     [id=35236, stack(0x0000002b26100000,0x0000002b26200000) (1024K)]
  0x00000169e9665ee0 WorkerThread "GC Thread#4"                     [id=32208, stack(0x0000002b26200000,0x0000002b26300000) (1024K)]
  0x00000169e9666290 WorkerThread "GC Thread#5"                     [id=628, stack(0x0000002b26300000,0x0000002b26400000) (1024K)]
  0x00000169e96dd2f0 WorkerThread "GC Thread#6"                     [id=33028, stack(0x0000002b26400000,0x0000002b26500000) (1024K)]
  0x00000169e9b2d390 WorkerThread "GC Thread#7"                     [id=36200, stack(0x0000002b26700000,0x0000002b26800000) (1024K)]
Total: 10

Threads with active compile tasks:
C2 CompilerThread0  17816 2168       4       java.util.zip.ZipFile::getZipEntry (322 bytes)
C2 CompilerThread1  17816 2137       4       java.util.regex.Matcher::search (154 bytes)
C2 CompilerThread2  17816 2173       4       java.util.zip.ZipFile$ZipEntryIterator::nextElement (5 bytes)
C2 CompilerThread3  17816 2174   !   4       java.util.zip.ZipFile$ZipEntryIterator::next (71 bytes)
Total: 4

VM state: not at safepoint (normal execution)

VM Mutex/Monitor currently owned by a thread: None

Heap address: 0x0000000080000000, size: 2048 MB, Compressed Oops mode: 32-bit

CDS archive(s) mapped at: [0x0000016980000000-0x0000016980ba0000-0x0000016980ba0000), size 12189696, SharedBaseAddress: 0x0000016980000000, ArchiveRelocationMode: 1.
Compressed class space mapped at: 0x0000016981000000-0x00000169c1000000, reserved size: 1073741824
Narrow klass base: 0x0000016980000000, Narrow klass shift: 0, Narrow klass range: 0x100000000

GC Precious Log:
 CardTable entry size: 512
 CPUs: 20 total, 20 available
 Memory: 16068M
 Large Page Support: Disabled
 NUMA Support: Disabled
 Compressed Oops: Enabled (32-bit)
 Alignments: Space 512K, Generation 512K, Heap 2M
 Heap Min Capacity: 100M
 Heap Initial Capacity: 100M
 Heap Max Capacity: 2G
 Pre-touch: Disabled
 Parallel Workers: 15

Heap:
 PSYoungGen      total 29696K, used 24499K [0x00000000d5580000, 0x00000000d7680000, 0x0000000100000000)
  eden space 25600K, 79% used [0x00000000d5580000,0x00000000d6972100,0x00000000d6e80000)
  from space 4096K, 99% used [0x00000000d7280000,0x00000000d767ae50,0x00000000d7680000)
  to   space 4096K, 0% used [0x00000000d6e80000,0x00000000d6e80000,0x00000000d7280000)
 ParOldGen       total 68608K, used 1751K [0x0000000080000000, 0x0000000084300000, 0x00000000d5580000)
  object space 68608K, 2% used [0x0000000080000000,0x00000000801b5eb8,0x0000000084300000)
 Metaspace       used 9451K, committed 9792K, reserved 1114112K
  class space    used 1010K, committed 1152K, reserved 1048576K

Card table byte_map: [0x00000169dcb10000,0x00000169dcf20000] _byte_map_base: 0x00000169dc710000

Marking Bits: (ParMarkBitMap*) 0x00007ff90f833450
 Begin Bits: [0x00000169dd1d0000, 0x00000169df1d0000)
 End Bits:   [0x00000169df1d0000, 0x00000169e11d0000)

Polling page: 0x00000169cd900000

Metaspace:

Usage:
  Non-class:      8.24 MB used.
      Class:   1010.02 KB used.
       Both:      9.23 MB used.

Virtual space:
  Non-class space:       64.00 MB reserved,       8.44 MB ( 13%) committed,  1 nodes.
      Class space:        1.00 GB reserved,       1.12 MB ( <1%) committed,  1 nodes.
             Both:        1.06 GB reserved,       9.56 MB ( <1%) committed. 

Chunk freelists:
   Non-Class:  6.69 MB
       Class:  14.79 MB
        Both:  21.47 MB

MaxMetaspaceSize: unlimited
CompressedClassSpaceSize: 1.00 GB
Initial GC threshold: 21.00 MB
Current GC threshold: 21.00 MB
CDS: on
 - commit_granule_bytes: 65536.
 - commit_granule_words: 8192.
 - virtual_space_node_default_size: 8388608.
 - enlarge_chunks_in_place: 1.
 - use_allocation_guard: 0.


Internal statistics:

num_allocs_failed_limit: 0.
num_arena_births: 256.
num_arena_deaths: 0.
num_vsnodes_births: 2.
num_vsnodes_deaths: 0.
num_space_committed: 153.
num_space_uncommitted: 0.
num_chunks_returned_to_freelist: 0.
num_chunks_taken_from_freelist: 508.
num_chunk_merges: 0.
num_chunk_splits: 322.
num_chunks_enlarged: 214.
num_inconsistent_stats: 0.

CodeHeap 'non-profiled nmethods': size=119168Kb used=886Kb max_used=886Kb free=118281Kb
 bounds [0x00000169d54c0000, 0x00000169d5730000, 0x00000169dc920000]
CodeHeap 'profiled nmethods': size=119104Kb used=4112Kb max_used=4112Kb free=114991Kb
 bounds [0x00000169cd920000, 0x00000169cdd30000, 0x00000169d4d70000]
CodeHeap 'non-nmethods': size=7488Kb used=1229Kb max_used=2928Kb free=6258Kb
 bounds [0x00000169d4d70000, 0x00000169d5050000, 0x00000169d54c0000]
CodeCache: size=245760Kb, used=6227Kb, max_used=7926Kb, free=239530Kb
 total_blobs=2674, nmethods=2180, adapters=400, full_count=0
Compilation: enabled, stopped_count=0, restarted_count=0

Compilation events (20 events):
Event: 14.617 Thread 0x00000169e2d37030 nmethod 2140 0x00000169cdd0e490 code [0x00000169cdd0e640, 0x00000169cdd0e7c8]
Event: 14.617 Thread 0x00000169e2d37030 2141       3       java.lang.invoke.LambdaFormEditor$TransformKey::inRange (36 bytes)
Event: 14.617 Thread 0x00000169e2d37030 nmethod 2141 0x00000169cdd0e890 code [0x00000169cdd0ea20, 0x00000169cdd0eb70]
Event: 14.617 Thread 0x00000169e2d37030 2142       3       java.lang.invoke.LambdaFormEditor$TransformKey::<init> (15 bytes)
Event: 14.618 Thread 0x00000169e2d37030 nmethod 2142 0x00000169cdd0ec10 code [0x00000169cdd0edc0, 0x00000169cdd0ef48]
Event: 14.670 Thread 0x00000169e2d37030 2144       3       java.lang.StringUTF16::getChar (60 bytes)
Event: 14.670 Thread 0x00000169e2d37030 nmethod 2144 0x00000169cdd0f010 code [0x00000169cdd0f1c0, 0x00000169cdd0f330]
Event: 14.672 Thread 0x00000169e2d37030 2146       3       java.util.concurrent.locks.ReentrantLock::<init> (16 bytes)
Event: 14.672 Thread 0x00000169e2d37030 nmethod 2146 0x00000169cdd0f410 code [0x00000169cdd0f5e0, 0x00000169cdd0f9a0]
Event: 14.672 Thread 0x00000169e2d37030 2147       3       java.util.concurrent.locks.ReentrantLock$NonfairSync::<init> (5 bytes)
Event: 14.672 Thread 0x00000169e2d37030 nmethod 2147 0x00000169cdd0fb10 code [0x00000169cdd0fcc0, 0x00000169cdd0ff40]
Event: 14.672 Thread 0x00000169e2d37030 2148       3       java.util.concurrent.locks.ReentrantLock$Sync::<init> (5 bytes)
Event: 14.672 Thread 0x00000169e97c3380 2137       4       java.util.regex.Matcher::search (154 bytes)
Event: 14.673 Thread 0x00000169e2d37030 nmethod 2148 0x00000169cdd10090 code [0x00000169cdd10240, 0x00000169cdd10468]
Event: 14.808 Thread 0x00000169e2d37030 2149       3       java.io.BufferedInputStream::getBufIfOpen (61 bytes)
Event: 16.742 Thread 0x00000169e2d37030 nmethod 2149 0x00000169cdd10590 code [0x00000169cdd10760, 0x00000169cdd10ae8]
Event: 16.742 Thread 0x00000169e2d37030 2150       3       java.util.concurrent.Semaphore$NonfairSync::tryAcquireShared (6 bytes)
Event: 16.742 Thread 0x00000169e2d37030 nmethod 2150 0x00000169cdd10c10 code [0x00000169cdd10dc0, 0x00000169cdd10ef8]
Event: 16.742 Thread 0x00000169e2d37030 2151       3       java.util.concurrent.Semaphore$Sync::nonfairTryAcquireShared (27 bytes)
Event: 16.743 Thread 0x00000169e2d37030 nmethod 2151 0x00000169cdd10f90 code [0x00000169cdd11140, 0x00000169cdd11390]

GC Heap History (4 events):
Event: 1.432 GC heap before
{Heap before GC invocations=1 (full 0):
 PSYoungGen      total 29696K, used 25600K [0x00000000d5580000, 0x00000000d7680000, 0x0000000100000000)
  eden space 25600K, 100% used [0x00000000d5580000,0x00000000d6e80000,0x00000000d6e80000)
  from space 4096K, 0% used [0x00000000d7280000,0x00000000d7280000,0x00000000d7680000)
  to   space 4096K, 0% used [0x00000000d6e80000,0x00000000d6e80000,0x00000000d7280000)
 ParOldGen       total 68608K, used 0K [0x0000000080000000, 0x0000000084300000, 0x00000000d5580000)
  object space 68608K, 0% used [0x0000000080000000,0x0000000080000000,0x0000000084300000)
 Metaspace       used 4184K, committed 4480K, reserved 1114112K
  class space    used 455K, committed 576K, reserved 1048576K
}
Event: 1.439 GC heap after
{Heap after GC invocations=1 (full 0):
 PSYoungGen      total 29696K, used 3684K [0x00000000d5580000, 0x00000000d7680000, 0x0000000100000000)
  eden space 25600K, 0% used [0x00000000d5580000,0x00000000d5580000,0x00000000d6e80000)
  from space 4096K, 89% used [0x00000000d6e80000,0x00000000d72192b0,0x00000000d7280000)
  to   space 4096K, 0% used [0x00000000d7280000,0x00000000d7280000,0x00000000d7680000)
 ParOldGen       total 68608K, used 16K [0x0000000080000000, 0x0000000084300000, 0x00000000d5580000)
  object space 68608K, 0% used [0x0000000080000000,0x0000000080004000,0x0000000084300000)
 Metaspace       used 4184K, committed 4480K, reserved 1114112K
  class space    used 455K, committed 576K, reserved 1048576K
}
Event: 1.809 GC heap before
{Heap before GC invocations=2 (full 0):
 PSYoungGen      total 29696K, used 29284K [0x00000000d5580000, 0x00000000d7680000, 0x0000000100000000)
  eden space 25600K, 100% used [0x00000000d5580000,0x00000000d6e80000,0x00000000d6e80000)
  from space 4096K, 89% used [0x00000000d6e80000,0x00000000d72192b0,0x00000000d7280000)
  to   space 4096K, 0% used [0x00000000d7280000,0x00000000d7280000,0x00000000d7680000)
 ParOldGen       total 68608K, used 16K [0x0000000080000000, 0x0000000084300000, 0x00000000d5580000)
  object space 68608K, 0% used [0x0000000080000000,0x0000000080004000,0x0000000084300000)
 Metaspace       used 7885K, committed 8192K, reserved 1114112K
  class space    used 815K, committed 960K, reserved 1048576K
}
Event: 1.813 GC heap after
{Heap after GC invocations=2 (full 0):
 PSYoungGen      total 29696K, used 4075K [0x00000000d5580000, 0x00000000d7680000, 0x0000000100000000)
  eden space 25600K, 0% used [0x00000000d5580000,0x00000000d5580000,0x00000000d6e80000)
  from space 4096K, 99% used [0x00000000d7280000,0x00000000d767ae50,0x00000000d7680000)
  to   space 4096K, 0% used [0x00000000d6e80000,0x00000000d6e80000,0x00000000d7280000)
 ParOldGen       total 68608K, used 1751K [0x0000000080000000, 0x0000000084300000, 0x00000000d5580000)
  object space 68608K, 2% used [0x0000000080000000,0x00000000801b5eb8,0x0000000084300000)
 Metaspace       used 7885K, committed 8192K, reserved 1114112K
  class space    used 815K, committed 960K, reserved 1048576K
}

Dll operation events (9 events):
Event: 0.433 Loaded shared library c:\Users\ICT ADMIN\.vscode\extensions\redhat.java-1.54.0-win32-x64\jre\21.0.10-win32-x86_64\bin\java.dll
Event: 0.449 Loaded shared library c:\Users\ICT ADMIN\.vscode\extensions\redhat.java-1.54.0-win32-x64\jre\21.0.10-win32-x86_64\bin\zip.dll
Event: 0.477 Loaded shared library C:\Users\ICT ADMIN\.vscode\extensions\redhat.java-1.54.0-win32-x64\jre\21.0.10-win32-x86_64\bin\instrument.dll
Event: 0.480 Loaded shared library C:\Users\ICT ADMIN\.vscode\extensions\redhat.java-1.54.0-win32-x64\jre\21.0.10-win32-x86_64\bin\net.dll
Event: 0.481 Loaded shared library C:\Users\ICT ADMIN\.vscode\extensions\redhat.java-1.54.0-win32-x64\jre\21.0.10-win32-x86_64\bin\nio.dll
Event: 0.483 Loaded shared library C:\Users\ICT ADMIN\.vscode\extensions\redhat.java-1.54.0-win32-x64\jre\21.0.10-win32-x86_64\bin\zip.dll
Event: 0.492 Loaded shared library C:\Users\ICT ADMIN\.vscode\extensions\redhat.java-1.54.0-win32-x64\jre\21.0.10-win32-x86_64\bin\jimage.dll
Event: 0.535 Loaded shared library c:\Users\ICT ADMIN\.vscode\extensions\redhat.java-1.54.0-win32-x64\jre\21.0.10-win32-x86_64\bin\verify.dll
Event: 14.373 Loaded shared library C:\Users\ICT ADMIN\AppData\Roaming\Code\User\globalStorage\redhat.java\1.54.0\config_win\org.eclipse.equinox.launcher\org.eclipse.equinox.launcher.win32.win32.x86_64_1.3.0.v20260203-2149\eclipse_11919.dll

Deoptimization events (20 events):
Event: 14.465 Thread 0x00000169e2d11100 Uncommon trap: trap_request=0xffffffbe fr.pc=0x00000169d556702c relative=0x000000000000146c
Event: 14.465 Thread 0x00000169e2d11100 Uncommon trap: reason=profile_predicate action=maybe_recompile pc=0x00000169d556702c method=jdk.internal.jimage.ImageStringsReader.stringFromByteBufferMatches(Ljava/nio/ByteBuffer;ILjava/lang/String;I)I @ 19 c2
Event: 14.465 Thread 0x00000169e2d11100 DEOPT PACKING pc=0x00000169d556702c sp=0x0000002b25cfd3a0
Event: 14.465 Thread 0x00000169e2d11100 DEOPT UNPACKING pc=0x00000169d4dc3aa2 sp=0x0000002b25cfd0c8 mode 2
Event: 14.465 Thread 0x00000169e2d11100 Uncommon trap: trap_request=0xffffffbe fr.pc=0x00000169d556702c relative=0x000000000000146c
Event: 14.465 Thread 0x00000169e2d11100 Uncommon trap: reason=profile_predicate action=maybe_recompile pc=0x00000169d556702c method=jdk.internal.jimage.ImageStringsReader.stringFromByteBufferMatches(Ljava/nio/ByteBuffer;ILjava/lang/String;I)I @ 19 c2
Event: 14.465 Thread 0x00000169e2d11100 DEOPT PACKING pc=0x00000169d556702c sp=0x0000002b25cfd3a0
Event: 14.465 Thread 0x00000169e2d11100 DEOPT UNPACKING pc=0x00000169d4dc3aa2 sp=0x0000002b25cfd0c8 mode 2
Event: 14.465 Thread 0x00000169e2d11100 Uncommon trap: trap_request=0xffffffbe fr.pc=0x00000169d556702c relative=0x000000000000146c
Event: 14.465 Thread 0x00000169e2d11100 Uncommon trap: reason=profile_predicate action=maybe_recompile pc=0x00000169d556702c method=jdk.internal.jimage.ImageStringsReader.stringFromByteBufferMatches(Ljava/nio/ByteBuffer;ILjava/lang/String;I)I @ 19 c2
Event: 14.465 Thread 0x00000169e2d11100 DEOPT PACKING pc=0x00000169d556702c sp=0x0000002b25cfd3a0
Event: 14.465 Thread 0x00000169e2d11100 DEOPT UNPACKING pc=0x00000169d4dc3aa2 sp=0x0000002b25cfd0c8 mode 2
Event: 14.668 Thread 0x00000169e2d11100 Uncommon trap: trap_request=0xffffff45 fr.pc=0x00000169d54d11e0 relative=0x00000000000000c0
Event: 14.668 Thread 0x00000169e2d11100 Uncommon trap: reason=unstable_if action=reinterpret pc=0x00000169d54d11e0 method=java.lang.String.isLatin1()Z @ 10 c2
Event: 14.668 Thread 0x00000169e2d11100 DEOPT PACKING pc=0x00000169d54d11e0 sp=0x0000002b25cfdb30
Event: 14.668 Thread 0x00000169e2d11100 DEOPT UNPACKING pc=0x00000169d4dc3aa2 sp=0x0000002b25cfda70 mode 2
Event: 14.668 Thread 0x00000169e2d11100 Uncommon trap: trap_request=0xffffff45 fr.pc=0x00000169d54fdf74 relative=0x0000000000000054
Event: 14.668 Thread 0x00000169e2d11100 Uncommon trap: reason=unstable_if action=reinterpret pc=0x00000169d54fdf74 method=java.lang.CharacterData.of(I)Ljava/lang/CharacterData; @ 4 c2
Event: 14.668 Thread 0x00000169e2d11100 DEOPT PACKING pc=0x00000169d54fdf74 sp=0x0000002b25cfdaa0
Event: 14.668 Thread 0x00000169e2d11100 DEOPT UNPACKING pc=0x00000169d4dc3aa2 sp=0x0000002b25cfda38 mode 2

Classes loaded (20 events):
Event: 14.557 Loading class sun/util/logging/resources/logging_en_US
Event: 14.557 Loading class sun/util/logging/resources/logging_en_US done
Event: 14.560 Loading class java/util/Formatter$DateTime
Event: 14.560 Loading class java/util/Formatter$DateTime done
Event: 14.560 Loading class java/util/Formatter$FixedString
Event: 14.560 Loading class java/util/Formatter$FixedString done
Event: 14.588 Loading class java/time/ZonedDateTime$1
Event: 14.588 Loading class java/time/ZonedDateTime$1 done
Event: 14.606 Loading class jdk/internal/module/ModulePatcher$PatchedModuleReader
Event: 14.607 Loading class jdk/internal/module/ModulePatcher$PatchedModuleReader done
Event: 14.615 Loading class sun/util/resources/LocaleData$CommonResourceBundleProvider
Event: 14.615 Loading class sun/util/resources/LocaleData$LocaleDataResourceBundleProvider
Event: 14.615 Loading class java/util/spi/ResourceBundleProvider
Event: 14.615 Loading class java/util/spi/ResourceBundleProvider done
Event: 14.615 Loading class sun/util/resources/LocaleData$LocaleDataResourceBundleProvider done
Event: 14.615 Loading class sun/util/resources/LocaleData$CommonResourceBundleProvider done
Event: 14.635 Loading class sun/text/resources/cldr/FormatData_en
Event: 14.635 Loading class sun/text/resources/cldr/FormatData_en done
Event: 14.635 Loading class sun/util/resources/Bundles$2
Event: 14.635 Loading class sun/util/resources/Bundles$2 done

Classes unloaded (0 events):
No events

Classes redefined (0 events):
No events

Internal exceptions (20 events):
Event: 1.488 Thread 0x00000169c903e610 Implicit null exception at 0x00000169d55224a9 to 0x00000169d5522d24
Event: 1.488 Thread 0x00000169c903e610 Implicit null exception at 0x00000169d552ce9a to 0x00000169d552d0a0
Event: 1.489 Thread 0x00000169c903e610 Exception <a 'java/lang/NoSuchMethodError'{0x00000000d58b4160}: 'void java.lang.invoke.DirectMethodHandle$Holder.invokeStatic(java.lang.Object, java.lang.Object, java.lang.Object, java.lang.Object)'> (0x00000000d58b4160) 
thrown [s\src\hotspot\share\interpreter\linkResolver.cpp, line 773]
Event: 1.490 Thread 0x00000169c903e610 Implicit null exception at 0x00000169d5523a1a to 0x00000169d5523c24
Event: 1.490 Thread 0x00000169c903e610 Implicit null exception at 0x00000169d552163d to 0x00000169d55216c1
Event: 1.564 Thread 0x00000169c903e610 Exception <a 'java/lang/NoSuchMethodError'{0x00000000d5c12f18}: 'void java.lang.invoke.DirectMethodHandle$Holder.invokeSpecial(java.lang.Object, java.lang.Object, java.lang.Object)'> (0x00000000d5c12f18) 
thrown [s\src\hotspot\share\interpreter\linkResolver.cpp, line 773]
Event: 1.696 Thread 0x00000169c903e610 Exception <a 'java/lang/NoSuchMethodError'{0x00000000d6635fc0}: 'int java.lang.invoke.DirectMethodHandle$Holder.invokeVirtual(java.lang.Object, java.lang.Object)'> (0x00000000d6635fc0) 
thrown [s\src\hotspot\share\interpreter\linkResolver.cpp, line 773]
Event: 1.736 Thread 0x00000169c903e610 Exception <a 'java/lang/NoSuchMethodError'{0x00000000d67adcd8}: 'int java.lang.invoke.DirectMethodHandle$Holder.invokeStaticInit(java.lang.Object, java.lang.Object, java.lang.Object, java.lang.Object)'> (0x00000000d67adcd8) 
thrown [s\src\hotspot\share\interpreter\linkResolver.cpp, line 773]
Event: 1.737 Thread 0x00000169c903e610 Exception <a 'java/lang/IncompatibleClassChangeError'{0x00000000d67b60e0}: Found class java.lang.Object, but interface was expected> (0x00000000d67b60e0) 
thrown [s\src\hotspot\share\interpreter\linkResolver.cpp, line 840]
Event: 1.737 Thread 0x00000169c903e610 Exception <a 'java/lang/NoSuchMethodError'{0x00000000d67bc6b0}: 'void java.lang.invoke.DirectMethodHandle$Holder.invokeStaticInit(java.lang.Object, java.lang.Object)'> (0x00000000d67bc6b0) 
thrown [s\src\hotspot\share\interpreter\linkResolver.cpp, line 773]
Event: 1.738 Thread 0x00000169c903e610 Exception <a 'java/lang/NoSuchMethodError'{0x00000000d67c58e8}: 'int java.lang.invoke.DirectMethodHandle$Holder.invokeStaticInit(java.lang.Object, java.lang.Object)'> (0x00000000d67c58e8) 
thrown [s\src\hotspot\share\interpreter\linkResolver.cpp, line 773]
Event: 1.761 Thread 0x00000169c903e610 Exception <a 'java/lang/NoSuchMethodError'{0x00000000d6a16300}: 'java.lang.Object java.lang.invoke.DirectMethodHandle$Holder.newInvokeSpecial(java.lang.Object, int, java.lang.Object)'> (0x00000000d6a16300) 
thrown [s\src\hotspot\share\interpreter\linkResolver.cpp, line 773]
Event: 1.782 Thread 0x00000169c903e610 Exception <a 'java/lang/ClassNotFoundException'{0x00000000d6c2d530}: sun/net/www/protocol/plurl/Handler> (0x00000000d6c2d530) 
thrown [s\src\hotspot\share\classfile\systemDictionary.cpp, line 312]
Event: 1.783 Thread 0x00000169c903e610 Exception <a 'java/lang/ClassNotFoundException'{0x00000000d6c2e3b0}: sun/net/www/protocol/plurl/Handler> (0x00000000d6c2e3b0) 
thrown [s\src\hotspot\share\classfile\systemDictionary.cpp, line 312]
Event: 14.280 Thread 0x00000169c903e610 Exception <a 'java/lang/UnsatisfiedLinkError'{0x00000000d5829b78}: 'void org.eclipse.equinox.launcher.JNIBridge._update_splash()'> (0x00000000d5829b78) 
thrown [s\src\hotspot\share\prims\nativeLookup.cpp, line 415]
Event: 14.311 Thread 0x00000169e2d103e0 Exception <a 'java/lang/NoSuchMethodError'{0x00000000d5a81ee0}: 'void java.lang.invoke.DirectMethodHandle$Holder.invokeInterface(java.lang.Object, java.lang.Object, java.lang.Object)'> (0x00000000d5a81ee0) 
thrown [s\src\hotspot\share\interpreter\linkResolver.cpp, line 773]
Event: 14.439 Thread 0x00000169e2d11100 Exception <a 'java/lang/NoSuchMethodError'{0x00000000d5ea1df8}: 'java.lang.Object java.lang.invoke.DirectMethodHandle$Holder.newInvokeSpecial(java.lang.Object, java.lang.Object, int, java.lang.Object)'> (0x00000000d5ea1df8) 
thrown [s\src\hotspot\share\interpreter\linkResolver.cpp, line 773]
Event: 14.462 Thread 0x00000169e2d11100 Exception <a 'java/lang/NoSuchMethodError'{0x00000000d5ea5c28}: 'java.lang.Object java.lang.invoke.DirectMethodHandle$Holder.invokeSpecial(java.lang.Object, java.lang.Object, java.lang.Object, int, java.lang.Object)'> (0x00000000d5ea5c28) 
thrown [s\src\hotspot\share\interpreter\linkResolver.cpp, line 773]
Event: 14.476 Thread 0x00000169e2d11100 Exception <a 'java/lang/NoClassDefFoundError'{0x00000000d5f4d5f8}: jakarta/servlet/ServletContainerInitializer> (0x00000000d5f4d5f8) 
thrown [s\src\hotspot\share\classfile\systemDictionary.cpp, line 301]
Event: 14.555 Thread 0x00000169e2d11100 Exception <a 'java/lang/ClassNotFoundException'{0x00000000d60acea8}: sun/util/logging/resources/spi/loggingProvider> (0x00000000d60acea8) 
thrown [s\src\hotspot\share\classfile\systemDictionary.cpp, line 312]

ZGC Phase Switch (0 events):
No events

VM Operations (20 events):
Event: 1.780 Executing non-safepoint VM operation: HandshakeAllThreads (Deoptimize)
Event: 1.780 Executing non-safepoint VM operation: HandshakeAllThreads (Deoptimize) done
Event: 1.797 Executing safepoint VM operation: ICBufferFull
Event: 1.798 Executing safepoint VM operation: ICBufferFull done
Event: 1.808 Executing safepoint VM operation: ParallelGCFailedAllocation (Allocation Failure)
Event: 1.813 Executing safepoint VM operation: ParallelGCFailedAllocation (Allocation Failure) done
Event: 2.818 Executing safepoint VM operation: Cleanup
Event: 2.818 Executing safepoint VM operation: Cleanup done
Event: 14.417 Executing non-safepoint VM operation: HandshakeAllThreads (Deoptimize)
Event: 14.417 Executing non-safepoint VM operation: HandshakeAllThreads (Deoptimize) done
Event: 14.417 Executing safepoint VM operation: Cleanup
Event: 14.417 Executing safepoint VM operation: Cleanup done
Event: 14.541 Executing non-safepoint VM operation: HandshakeAllThreads (Deoptimize)
Event: 14.542 Executing non-safepoint VM operation: HandshakeAllThreads (Deoptimize) done
Event: 14.607 Executing non-safepoint VM operation: HandshakeAllThreads (Deoptimize)
Event: 14.607 Executing non-safepoint VM operation: HandshakeAllThreads (Deoptimize) done
Event: 14.670 Executing non-safepoint VM operation: HandshakeAllThreads (Deoptimize)
Event: 14.670 Executing non-safepoint VM operation: HandshakeAllThreads (Deoptimize) done
Event: 15.671 Executing safepoint VM operation: Cleanup
Event: 15.671 Executing safepoint VM operation: Cleanup done

Memory protections (0 events):
No events

Nmethod flushes (0 events):
No events

Events (20 events):
Event: 0.496 Thread 0x00000169e2df5640 Thread added: 0x00000169e9018850
Event: 0.496 Thread 0x00000169e2df5640 Thread added: 0x00000169e9018f00
Event: 0.712 Thread 0x00000169c903e610 Thread added: 0x00000169e2d0f030
Event: 0.860 Thread 0x00000169e9018f00 Thread added: 0x00000169e9153d10
Event: 1.186 Thread 0x00000169e9153d10 Thread exited: 0x00000169e9153d10
Event: 1.186 Thread 0x00000169e2ef8da0 Thread exited: 0x00000169e2ef8da0
Event: 1.375 Thread 0x00000169e2d37030 Thread added: 0x00000169e9694e60
Event: 1.552 Thread 0x00000169e9694e60 Thread exited: 0x00000169e9694e60
Event: 1.595 Thread 0x00000169e9018f00 Thread added: 0x00000169e9630700
Event: 1.597 Thread 0x00000169e9018f00 Thread added: 0x00000169e96314a0
Event: 1.743 Thread 0x00000169c903e610 Thread added: 0x00000169e2d11790
Event: 1.913 Thread 0x00000169e96314a0 Thread exited: 0x00000169e96314a0
Event: 2.147 Thread 0x00000169e9630700 Thread exited: 0x00000169e9630700
Event: 2.378 Thread 0x00000169e9018f00 Thread exited: 0x00000169e9018f00
Event: 2.439 Thread 0x00000169e9018850 Thread exited: 0x00000169e9018850
Event: 3.988 Thread 0x00000169e2df5640 Thread exited: 0x00000169e2df5640
Event: 14.278 Thread 0x00000169c903e610 Thread added: 0x00000169e2d103e0
Event: 14.313 Thread 0x00000169e2d103e0 Thread added: 0x00000169e2d0f6c0
Event: 14.378 Thread 0x00000169c903e610 Thread added: 0x00000169e2d11100
Event: 14.672 Thread 0x00000169e2d37030 Thread added: 0x00000169e97c3380


Dynamic libraries:
0x00007ff79a510000 - 0x00007ff79a51e000 	c:\Users\ICT ADMIN\.vscode\extensions\redhat.java-1.54.0-win32-x64\jre\21.0.10-win32-x86_64\bin\java.exe
0x00007ff9d2d40000 - 0x00007ff9d2fa7000 	C:\WINDOWS\SYSTEM32\ntdll.dll
0x00007ff9d1c60000 - 0x00007ff9d1d29000 	C:\WINDOWS\System32\KERNEL32.DLL
0x00007ff9d01e0000 - 0x00007ff9d05d7000 	C:\WINDOWS\System32\KERNELBASE.dll
0x00007ff9cf820000 - 0x00007ff9cf96b000 	C:\WINDOWS\System32\ucrtbase.dll
0x00007ff98c2e0000 - 0x00007ff98c2fe000 	c:\Users\ICT ADMIN\.vscode\extensions\redhat.java-1.54.0-win32-x64\jre\21.0.10-win32-x86_64\bin\VCRUNTIME140.dll
0x00007ff98c200000 - 0x00007ff98c218000 	c:\Users\ICT ADMIN\.vscode\extensions\redhat.java-1.54.0-win32-x64\jre\21.0.10-win32-x86_64\bin\jli.dll
0x00007ff9d0ce0000 - 0x00007ff9d0ea6000 	C:\WINDOWS\System32\USER32.dll
0x00007ff9b1200000 - 0x00007ff9b1492000 	C:\WINDOWS\WinSxS\amd64_microsoft.windows.common-controls_6595b64144ccf1df_6.0.26100.8457_none_3e0b2faee331e92d\COMCTL32.dll
0x00007ff9d0920000 - 0x00007ff9d0947000 	C:\WINDOWS\System32\win32u.dll
0x00007ff9d13b0000 - 0x00007ff9d1459000 	C:\WINDOWS\System32\msvcrt.dll
0x00007ff9d0ef0000 - 0x00007ff9d0f1b000 	C:\WINDOWS\System32\GDI32.dll
0x00007ff9d0670000 - 0x00007ff9d079c000 	C:\WINDOWS\System32\gdi32full.dll
0x00007ff9cf770000 - 0x00007ff9cf813000 	C:\WINDOWS\System32\msvcp_win.dll
0x00007ff9d0eb0000 - 0x00007ff9d0ee2000 	C:\WINDOWS\System32\IMM32.DLL
0x00007ff9c65a0000 - 0x00007ff9c65ac000 	c:\Users\ICT ADMIN\.vscode\extensions\redhat.java-1.54.0-win32-x64\jre\21.0.10-win32-x86_64\bin\vcruntime140_1.dll
0x00007ff934780000 - 0x00007ff93480d000 	c:\Users\ICT ADMIN\.vscode\extensions\redhat.java-1.54.0-win32-x64\jre\21.0.10-win32-x86_64\bin\msvcp140.dll
0x00007ff90eb70000 - 0x00007ff90f911000 	c:\Users\ICT ADMIN\.vscode\extensions\redhat.java-1.54.0-win32-x64\jre\21.0.10-win32-x86_64\bin\server\jvm.dll
0x00007ff9d19d0000 - 0x00007ff9d1a86000 	C:\WINDOWS\System32\ADVAPI32.dll
0x00007ff9d2c50000 - 0x00007ff9d2cf7000 	C:\WINDOWS\System32\sechost.dll
0x00007ff9d1190000 - 0x00007ff9d12a8000 	C:\WINDOWS\System32\RPCRT4.dll
0x00007ff9d1d30000 - 0x00007ff9d1db0000 	C:\WINDOWS\System32\WS2_32.dll
0x00007ff9ce330000 - 0x00007ff9ce38e000 	C:\WINDOWS\SYSTEM32\POWRPROF.dll
0x00007ff9c4920000 - 0x00007ff9c492b000 	C:\WINDOWS\SYSTEM32\VERSION.dll
0x00007ff9ca550000 - 0x00007ff9ca586000 	C:\WINDOWS\SYSTEM32\WINMM.dll
0x00007ff9ce310000 - 0x00007ff9ce324000 	C:\WINDOWS\SYSTEM32\UMPDC.dll
0x00007ff9ce5e0000 - 0x00007ff9ce5fb000 	C:\WINDOWS\SYSTEM32\kernel.appcore.dll
0x00007ff9b5b60000 - 0x00007ff9b5b6a000 	c:\Users\ICT ADMIN\.vscode\extensions\redhat.java-1.54.0-win32-x64\jre\21.0.10-win32-x86_64\bin\jimage.dll
0x00007ff9cd300000 - 0x00007ff9cd542000 	C:\WINDOWS\SYSTEM32\DBGHELP.DLL
0x00007ff9d1620000 - 0x00007ff9d19a3000 	C:\WINDOWS\System32\combase.dll
0x00007ff9d1b80000 - 0x00007ff9d1c59000 	C:\WINDOWS\System32\OLEAUT32.dll
0x00007ff9beb60000 - 0x00007ff9beb9b000 	C:\WINDOWS\SYSTEM32\dbgcore.DLL
0x00007ff9d0a10000 - 0x00007ff9d0ab8000 	C:\WINDOWS\System32\bcryptPrimitives.dll
0x00007ff9a9200000 - 0x00007ff9a920f000 	c:\Users\ICT ADMIN\.vscode\extensions\redhat.java-1.54.0-win32-x64\jre\21.0.10-win32-x86_64\bin\instrument.dll
0x00007ff98a0c0000 - 0x00007ff98a0e0000 	c:\Users\ICT ADMIN\.vscode\extensions\redhat.java-1.54.0-win32-x64\jre\21.0.10-win32-x86_64\bin\java.dll
0x00007ff9d24d0000 - 0x00007ff9d2c3e000 	C:\WINDOWS\System32\SHELL32.dll
0x00007ff9cf970000 - 0x00007ff9d01dc000 	C:\WINDOWS\System32\windows.storage.dll
0x00007ff9d12b0000 - 0x00007ff9d13a6000 	C:\WINDOWS\System32\SHCORE.dll
0x00007ff9d1ae0000 - 0x00007ff9d1b46000 	C:\WINDOWS\System32\shlwapi.dll
0x00007ff9cf690000 - 0x00007ff9cf6b9000 	C:\WINDOWS\SYSTEM32\profapi.dll
0x00007ff98a0a0000 - 0x00007ff98a0b8000 	c:\Users\ICT ADMIN\.vscode\extensions\redhat.java-1.54.0-win32-x64\jre\21.0.10-win32-x86_64\bin\zip.dll
0x00007ff9abd60000 - 0x00007ff9abd70000 	C:\Users\ICT ADMIN\.vscode\extensions\redhat.java-1.54.0-win32-x64\jre\21.0.10-win32-x86_64\bin\net.dll
0x00007ff9c8630000 - 0x00007ff9c8759000 	C:\WINDOWS\SYSTEM32\WINHTTP.dll
0x00007ff9ceb30000 - 0x00007ff9ceb9c000 	C:\WINDOWS\system32\mswsock.dll
0x00007ff989e90000 - 0x00007ff989ea6000 	C:\Users\ICT ADMIN\.vscode\extensions\redhat.java-1.54.0-win32-x64\jre\21.0.10-win32-x86_64\bin\nio.dll
0x00007ff9a7cc0000 - 0x00007ff9a7cd0000 	c:\Users\ICT ADMIN\.vscode\extensions\redhat.java-1.54.0-win32-x64\jre\21.0.10-win32-x86_64\bin\verify.dll
0x00007ff9297f0000 - 0x00007ff929835000 	C:\Users\ICT ADMIN\AppData\Roaming\Code\User\globalStorage\redhat.java\1.54.0\config_win\org.eclipse.equinox.launcher\org.eclipse.equinox.launcher.win32.win32.x86_64_1.3.0.v20260203-2149\eclipse_11919.dll
0x00007ff9d1460000 - 0x00007ff9d15f7000 	C:\WINDOWS\System32\ole32.dll

JVMTI agents:
c:\Users\ICT ADMIN\.vscode\extensions\redhat.java-1.54.0-win32-x64\lombok\lombok-1.18.39-4050.jar path:c:\Users\ICT ADMIN\.vscode\extensions\redhat.java-1.54.0-win32-x64\jre\21.0.10-win32-x86_64\bin\instrument.dll, loaded, initialized, instrumentlib options:none

dbghelp: loaded successfully - version: 4.0.5 - missing functions: none
symbol engine: initialized successfully - sym options: 0x614 - pdb path: .;c:\Users\ICT ADMIN\.vscode\extensions\redhat.java-1.54.0-win32-x64\jre\21.0.10-win32-x86_64\bin;C:\WINDOWS\SYSTEM32;C:\WINDOWS\WinSxS\amd64_microsoft.windows.common-controls_6595b64144ccf1df_6.0.26100.8457_none_3e0b2faee331e92d;c:\Users\ICT ADMIN\.vscode\extensions\redhat.java-1.54.0-win32-x64\jre\21.0.10-win32-x86_64\bin\server;C:\Users\ICT ADMIN\AppData\Roaming\Code\User\globalStorage\redhat.java\1.54.0\config_win\org.eclipse.equinox.launcher\org.eclipse.equinox.launcher.win32.win32.x86_64_1.3.0.v20260203-2149

VM Arguments:
jvm_args: --add-modules=ALL-SYSTEM --add-opens=java.base/java.util=ALL-UNNAMED --add-opens=java.base/java.lang=ALL-UNNAMED --add-opens=java.base/sun.nio.fs=ALL-UNNAMED -Declipse.application=org.eclipse.jdt.ls.core.id1 -Dosgi.bundles.defaultStartLevel=4 -Declipse.product=org.eclipse.jdt.ls.core.product -Djava.import.generatesMetadataFilesAtProjectRoot=false -DDetectVMInstallationsJob.disabled=true -Dfile.encoding=utf8 -XX:+UseParallelGC -XX:GCTimeRatio=4 -XX:AdaptiveSizePolicyWeight=90 -Dsun.zip.disableMemoryMapping=true -Xmx2G -Xms100m -Xlog:disable -javaagent:c:\Users\ICT ADMIN\.vscode\extensions\redhat.java-1.54.0-win32-x64\lombok\lombok-1.18.39-4050.jar -XX:+HeapDumpOnOutOfMemoryError -XX:HeapDumpPath=c:\Users\ICT ADMIN\AppData\Roaming\Code\User\workspaceStorage\5d879fe64d2f3a7472c9ce6d90bca0e0\redhat.java -Daether.dependencyCollector.impl=bf 
java_command: c:\Users\ICT ADMIN\.vscode\extensions\redhat.java-1.54.0-win32-x64\server\plugins\org.eclipse.equinox.launcher_1.7.100.v20251111-0406.jar -configuration c:\Users\ICT ADMIN\AppData\Roaming\Code\User\globalStorage\redhat.java\1.54.0\config_win -data c:\Users\ICT ADMIN\AppData\Roaming\Code\User\workspaceStorage\5d879fe64d2f3a7472c9ce6d90bca0e0\redhat.java\jdt_ws --pipe=\\.\pipe\lsp-c5144715629eaeacc2908ee4db1879ba-sock
java_class_path (initial): c:\Users\ICT ADMIN\.vscode\extensions\redhat.java-1.54.0-win32-x64\server\plugins\org.eclipse.equinox.launcher_1.7.100.v20251111-0406.jar
Launcher Type: SUN_STANDARD

[Global flags]
    uintx AdaptiveSizePolicyWeight                 = 90                                        {product} {command line}
     intx CICompilerCount                          = 12                                        {product} {ergonomic}
    uintx GCTimeRatio                              = 4                                         {product} {command line}
     bool HeapDumpOnOutOfMemoryError               = true                                   {manageable} {command line}
    ccstr HeapDumpPath                             = c:\Users\ICT ADMIN\AppData\Roaming\Code\User\workspaceStorage\5d879fe64d2f3a7472c9ce6d90bca0e0\redhat.java         {manageable} {command line}
   size_t InitialHeapSize                          = 104857600                                 {product} {command line}
   size_t MaxHeapSize                              = 2147483648                                {product} {command line}
   size_t MaxNewSize                               = 715653120                                 {product} {ergonomic}
   size_t MinHeapDeltaBytes                        = 524288                                    {product} {ergonomic}
   size_t MinHeapSize                              = 104857600                                 {product} {command line}
   size_t NewSize                                  = 34603008                                  {product} {ergonomic}
    uintx NonNMethodCodeHeapSize                   = 7602480                                {pd product} {ergonomic}
    uintx NonProfiledCodeHeapSize                  = 122027880                              {pd product} {ergonomic}
   size_t OldSize                                  = 70254592                                  {product} {ergonomic}
    uintx ProfiledCodeHeapSize                     = 122027880                              {pd product} {ergonomic}
    uintx ReservedCodeCacheSize                    = 251658240                              {pd product} {ergonomic}
     bool SegmentedCodeCache                       = true                                      {product} {ergonomic}
   size_t SoftMaxHeapSize                          = 2147483648                             {manageable} {ergonomic}
     bool UseCompressedOops                        = true                           {product lp64_product} {ergonomic}
     bool UseLargePagesIndividualAllocation        = false                                  {pd product} {ergonomic}
     bool UseParallelGC                            = true                                      {product} {command line}

Logging:
Log output configuration:
 #0: stdout all=off uptime,level,tags foldmultilines=false
 #1: stderr all=off uptime,level,tags foldmultilines=false

Release file:
JAVA_VERSION="21.0.10" 
MODULES="java.base java.compiler java.datatransfer java.xml java.prefs java.desktop java.instrument java.logging java.management java.security.sasl java.naming java.rmi java.management.rmi java.net.http java.scripting java.security.jgss java.transaction.xa java.sql java.sql.rowset java.xml.crypto java.se java.smartcardio jdk.accessibility jdk.internal.jvmstat jdk.attach jdk.charsets jdk.internal.opt jdk.zipfs jdk.compiler jdk.crypto.ec jdk.crypto.cryptoki jdk.crypto.mscapi jdk.dynalink jdk.internal.ed jdk.editpad jdk.hotspot.agent jdk.httpserver jdk.internal.le jdk.internal.vm.ci jdk.internal.vm.compiler jdk.internal.vm.compiler.management jdk.jartool jdk.javadoc jdk.jcmd jdk.management jdk.management.agent jdk.jconsole jdk.jdeps jdk.jdwp.agent jdk.jdi jdk.jfr jdk.jshell jdk.jsobject jdk.jstatd jdk.localedata jdk.management.jfr jdk.naming.dns jdk.naming.rmi jdk.net jdk.nio.mapmode jdk.random jdk.sctp jdk.security.auth jdk.security.jgss jdk.unsupported jdk.unsupported.desktop jdk.xml.dom" 

Environment Variables:
JAVA_HOME=C:\Program Files\Java\jdk-11
PATH=C:\Program Files (x86)\Common Files\Oracle\Java\javapath;C:\gurobi_server1202\win64\bin;C:\gurobi1202\win64\bin;C:\Program Files (x86)\VMware\VMware Workstation\bin\;C:\Windows\system32;C:\Windows;C:\Windows\System32\Wbem;C:\Windows\System32\WindowsPowerShell\v1.0\;C:\Windows\System32\OpenSSH\;C:\Program Files\dotnet\;C:\Program Files (x86)\NVIDIA Corporation\PhysX\Common;C:\xampp\php;C:\ProgramData\ComposerSetup\bin;C:\Program Files\Git\cmd;C:\Program Files\PuTTY\;ICT ADMIN\pscp.exe;C:\Program Files\OpenSSL-Win64\bin;C:\ProgramData\chocolatey\bin;C:\Program Files\MiKTeX\miktex\bin\x64\;C:\Program Files (x86)\Microsoft SQL Server\160\Tools\Binn\;C:\Program Files\Microsoft SQL Server\160\Tools\Binn\;C:\Program Files\Microsoft SQL Server\Client SDK\ODBC\170\Tools\Binn\;C:\Program Files\Microsoft SQL Server\160\DTS\Binn\;C:\Program Files\NVIDIA Corporation\NVIDIA app\NvDLISR;C:\WINDOWS\system32;C:\WINDOWS;C:\WINDOWS\System32\Wbem;C:\WINDOWS\System32\WindowsPowerShell\v1.0\;C:\WINDOWS\System32\OpenSSH\;C:\Program Files\Microsoft SQL Server\150\Tools\Binn\;C:\Program Files\Docker\Docker\resources\bin;C:\Users\ICT ADMIN\AppData\Local\nvm;C:\nvm4w\nodejs;C:\Strawberry\c\bin;C:\Strawberry\perl\site\bin;C:\Strawberry\perl\bin;C:\Program Files (x86)\Microsoft SQL Server\170\Tools\Binn\;C:\Program Files\Microsoft SQL Server\170\Tools\Binn\;C:\Program Files\Microsoft SQL Server\Client SDK\ODBC\180\Tools\Binn\;C:\Program Files\Microsoft SQL Server\170\DTS\Binn\;C:\Android\Sdk\platform-tools;C:\Android\Sdk\cmdline-tools\latest\bin;C:\flutter\bin;C:\Users\ICT ADMIN\AppData\Local\Programs\Python\Python312\Scripts\;C:\Users\ICT ADMIN\AppData\Local\Programs\Python\Python312\;C:\Users\ICT ADMIN\AppData\Local\Programs\Python\Launcher\;C:\Users\ICT ADMIN\AppData\Local\Microsoft\WindowsApps;C:\Users\ICT ADMIN\AppData\Local\Programs\Microsoft VS Code\bin;C:\Users\ICT ADMIN\AppData\Roaming\Composer\vendor\bin;ICT ADMIN\pscp.exe;C:\Users\ICT ADMIN\AppData\Local\Microsoft\WinGet\Packages\Schniz.fnm_Microsoft.Winget.Source_8wekyb3d8bbwe;C:\Users\ICT ADMIN\AppData\Roaming\npm;C:\Users\ICT ADMIN\AppData\Local\nvm;C:\nvm4w\nodejs;C:\Users\ICT ADMIN\AppData\Local\Pandoc\;C:\uboraAI\flutter\bin
USERNAME=ICT ADMIN
OS=Windows_NT
PROCESSOR_IDENTIFIER=Intel64 Family 6 Model 183 Stepping 1, GenuineIntel
TMP=C:\Users\ICTADM~1\AppData\Local\Temp
TEMP=C:\Users\ICTADM~1\AppData\Local\Temp




Periodic native trim disabled

---------------  S Y S T E M  ---------------

OS:
 Windows 11 , 64 bit Build 26100 (10.0.26100.8328)
OS uptime: 0 days 9:49 hours
Hyper-V role detected

CPU: total 20 (initial active 20) (10 cores per cpu, 2 threads per core) family 6 model 183 stepping 1 microcode 0x133, cx8, cmov, fxsr, ht, mmx, 3dnowpref, sse, sse2, sse3, ssse3, sse4.1, sse4.2, popcnt, lzcnt, tsc, tscinvbit, avx, avx2, aes, erms, clmul, bmi1, bmi2, adx, sha, fma, vzeroupper, clflush, clflushopt, clwb, hv, serialize, rdtscp, rdpid, fsrm, f16c, cet_ibt, cet_ss
Processor Information for processor 0
  Max Mhz: 2600, Current Mhz: 2600, Mhz Limit: 2600
Processor Information for processor 1
  Max Mhz: 2600, Current Mhz: 2600, Mhz Limit: 2600
Processor Information for processor 2
  Max Mhz: 2600, Current Mhz: 2600, Mhz Limit: 2600
Processor Information for processor 3
  Max Mhz: 2600, Current Mhz: 2600, Mhz Limit: 2600
Processor Information for processor 4
  Max Mhz: 2600, Current Mhz: 1496, Mhz Limit: 2600
Processor Information for processor 5
  Max Mhz: 2600, Current Mhz: 2600, Mhz Limit: 2600
Processor Information for processor 6
  Max Mhz: 2600, Current Mhz: 1496, Mhz Limit: 2600
Processor Information for processor 7
  Max Mhz: 2600, Current Mhz: 2600, Mhz Limit: 2600
Processor Information for processor 8
  Max Mhz: 2600, Current Mhz: 2600, Mhz Limit: 2600
Processor Information for processor 9
  Max Mhz: 2600, Current Mhz: 2600, Mhz Limit: 2600
Processor Information for processor 10
  Max Mhz: 2600, Current Mhz: 2600, Mhz Limit: 2600
Processor Information for processor 11
  Max Mhz: 2600, Current Mhz: 2600, Mhz Limit: 2600
Processor Information for processor 12
  Max Mhz: 2600, Current Mhz: 2600, Mhz Limit: 2600
Processor Information for processor 13
  Max Mhz: 2600, Current Mhz: 2600, Mhz Limit: 2600
Processor Information for processor 14
  Max Mhz: 2600, Current Mhz: 2600, Mhz Limit: 2600
Processor Information for processor 15
  Max Mhz: 2600, Current Mhz: 2600, Mhz Limit: 2600
Processor Information for processor 16
  Max Mhz: 2600, Current Mhz: 2600, Mhz Limit: 2600
Processor Information for processor 17
  Max Mhz: 2600, Current Mhz: 2600, Mhz Limit: 2600
Processor Information for processor 18
  Max Mhz: 2600, Current Mhz: 2600, Mhz Limit: 2600
Processor Information for processor 19
  Max Mhz: 2600, Current Mhz: 1505, Mhz Limit: 2600

Memory: 4k page, system-wide physical 16068M (909M free)
TotalPageFile size 26786M (AvailPageFile size 40M)
current process WorkingSet (physical memory assigned to process): 102M, peak: 102M
current process commit charge ("private bytes"): 268M, peak: 268M

vm_info: OpenJDK 64-Bit Server VM (21.0.10+7-LTS) for windows-amd64 JRE (21.0.10+7-LTS), built on 2026-01-20T00:00:00Z by "admin" with MS VC++ 17.12 (VS2022)

END.
